// Jest Snapshot v1, https://goo.gl/fbAQLP

exports[`Testing MyQuestTileBubble Tile Bubble renders correctly 1`] = `
<View
  style={
    Object {
      "flexDirection": "row",
      "justifyContent": "space-between",
    }
  }
>
  <View
    style={
      Object {
        "flex": 10,
      }
    }
  >
    <Text
      style={
        Object {
          "fontSize": 20,
          "fontWeight": "bold",
        }
      }
    />
    <Text />
    <Text />
  </View>
  <View
    style={
      Object {
        "flex": 1,
        "flexDirection": "column",
      }
    }
  />
</View>
`;
